// Jest Snapshot v1, https://goo.gl/fbAQLP

exports[`runNodeCLIApp executes with an error 1`] = `"Kaboom"`;
